[    2489ms] [INFO] %cDownload the React DevTools for a better development experience: https://react.dev/link/react-devtools font-weight:bold @ http://localhost:3000/_next/static/chunks/node_modules_next_dist_1e8vcs8._.js:776
[    2850ms] [LOG] [HMR] connected @ http://localhost:3000/_next/static/chunks/node_modules_next_dist_1e8vcs8._.js:776
[    2871ms] [ERROR] Failed to load resource: the server responded with a status of 400 (Bad Request) @ http://localhost:3000/_next/image?url=%2Fimages%2Fprojects%2Fremote-nif%2Fcover.png&w=1920&q=75:0
[    2874ms] [ERROR] Failed to load resource: the server responded with a status of 400 (Bad Request) @ http://localhost:3000/_next/image?url=%2Fimages%2Fprojects%2Fremote-nif%2Fdashboard-client-pc.png&w=1920&q=75:0
[    2881ms] [ERROR] Failed to load resource: the server responded with a status of 400 (Bad Request) @ http://localhost:3000/_next/image?url=%2Fimages%2Fprojects%2Fremote-nif%2Fdashboard-admin-mobile.png&w=1920&q=75:0
[    2890ms] [ERROR] Failed to load resource: the server responded with a status of 400 (Bad Request) @ http://localhost:3000/_next/image?url=%2Fimages%2Fprojects%2Fremote-nif%2Fdashboard-operator-pc.png&w=1920&q=75:0
[    2891ms] [ERROR] Failed to load resource: the server responded with a status of 400 (Bad Request) @ http://localhost:3000/_next/image?url=%2Fimages%2Fprojects%2Fremote-nif%2Fflow-diagram.png&w=1920&q=75:0
[    3026ms] [WARNING] Image with src "/images/projects/remote-nif/cover.png" has "fill" but is missing "sizes" prop. Please add it to improve page performance. Read more: https://nextjs.org/docs/api-reference/next/image#sizes @ http://localhost:3000/_next/static/chunks/node_modules_next_dist_1e8vcs8._.js:776
[    3026ms] [WARNING] Image with src "/images/projects/remote-nif/dashboard-client-pc.png" has "fill" but is missing "sizes" prop. Please add it to improve page performance. Read more: https://nextjs.org/docs/api-reference/next/image#sizes @ http://localhost:3000/_next/static/chunks/node_modules_next_dist_1e8vcs8._.js:776
[    3026ms] [WARNING] Image with src "/images/projects/remote-nif/dashboard-admin-mobile.png" has "fill" but is missing "sizes" prop. Please add it to improve page performance. Read more: https://nextjs.org/docs/api-reference/next/image#sizes @ http://localhost:3000/_next/static/chunks/node_modules_next_dist_1e8vcs8._.js:776
[    3027ms] [WARNING] Image with src "/images/projects/remote-nif/dashboard-operator-pc.png" has "fill" but is missing "sizes" prop. Please add it to improve page performance. Read more: https://nextjs.org/docs/api-reference/next/image#sizes @ http://localhost:3000/_next/static/chunks/node_modules_next_dist_1e8vcs8._.js:776
[   11937ms] [ERROR] Failed to load resource: the server responded with a status of 400 (Bad Request) @ http://localhost:3000/_next/image?url=%2Fimages%2Fprojects%2Fremote-nif%2Fcover.png&w=640&q=75:0
[   11940ms] [ERROR] Failed to load resource: the server responded with a status of 400 (Bad Request) @ http://localhost:3000/_next/image?url=%2Fimages%2Fprojects%2Fremote-nif%2Fdashboard-client-pc.png&w=640&q=75:0
[   11944ms] [ERROR] Failed to load resource: the server responded with a status of 400 (Bad Request) @ http://localhost:3000/_next/image?url=%2Fimages%2Fprojects%2Fremote-nif%2Fdashboard-admin-mobile.png&w=640&q=75:0
[   11948ms] [ERROR] Failed to load resource: the server responded with a status of 400 (Bad Request) @ http://localhost:3000/_next/image?url=%2Fimages%2Fprojects%2Fremote-nif%2Fdashboard-operator-pc.png&w=640&q=75:0
[   11953ms] [ERROR] Failed to load resource: the server responded with a status of 400 (Bad Request) @ http://localhost:3000/_next/image?url=%2Fimages%2Fprojects%2Fremote-nif%2Fflow-diagram.png&w=640&q=75:0
[   17006ms] [ERROR] Failed to load resource: the server responded with a status of 400 (Bad Request) @ http://localhost:3000/_next/image?url=%2Fimages%2Fprojects%2Fremote-nif%2Fstripe-flow.png&w=640&q=75:0
[   17010ms] [ERROR] Failed to load resource: the server responded with a status of 400 (Bad Request) @ http://localhost:3000/_next/image?url=%2Fimages%2Fprojects%2Fremote-nif%2Fcontext-folder.png&w=640&q=75:0
[   17017ms] [ERROR] Failed to load resource: the server responded with a status of 400 (Bad Request) @ http://localhost:3000/_next/image?url=%2Fimages%2Fprojects%2Fremote-nif%2Fprocess-diagram.png&w=640&q=75:0
[  101757ms] [INFO] %cDownload the React DevTools for a better development experience: https://react.dev/link/react-devtools font-weight:bold @ http://localhost:3000/_next/static/chunks/node_modules_next_dist_1e8vcs8._.js:776
[  101964ms] [LOG] [HMR] connected @ http://localhost:3000/_next/static/chunks/node_modules_next_dist_1e8vcs8._.js:776
[  102009ms] [ERROR] Failed to load resource: the server responded with a status of 400 (Bad Request) @ http://localhost:3000/_next/image?url=%2Fimages%2Fprojects%2Fremote-nif%2Fflow-diagram.png&w=640&q=75:0
[  102014ms] [ERROR] Failed to load resource: the server responded with a status of 400 (Bad Request) @ http://localhost:3000/_next/image?url=%2Fimages%2Fprojects%2Fremote-nif%2Fcontext-folder.png&w=640&q=75:0
[  102024ms] [ERROR] Failed to load resource: the server responded with a status of 400 (Bad Request) @ http://localhost:3000/_next/image?url=%2Fimages%2Fprojects%2Fremote-nif%2Fprocess-diagram.png&w=640&q=75:0
[  102028ms] [ERROR] Failed to load resource: the server responded with a status of 400 (Bad Request) @ http://localhost:3000/_next/image?url=%2Fimages%2Fprojects%2Fremote-nif%2Fstripe-flow.png&w=640&q=75:0
